{
    "Should run without failures": {
        "content": [
            {
                "0": [
                    "SeraSeq-part1.R1_fastqc.zip:md5,8b0e3b5a2c7a04fa27c03cbcb019e28f"
                ],
                "ZIP": [
                    "SeraSeq-part1.R1_fastqc.zip:md5,8b0e3b5a2c7a04fa27c03cbcb019e28f"
                ]
            }
        ],
        "meta": {
            "nf-test": "0.9.2",
            "nextflow": "24.10.4"
        },
        "timestamp": "2025-08-05T10:37:42.532130008"
    }
}